Microchip MPLAB XC8 Compiler V2.32

Linker command line:

-W-3 --edf=D:\Microchip\xc8\v2.32\pic\dat\en_msgs.txt -cn \
  -h+dist/default/production\PIC18F24K40_I2c_Test.X.production.sym \
  --cmf=dist/default/production\PIC18F24K40_I2c_Test.X.production.cmf -z \
  -Q18F24K40 -oC:\Users\Apoca\AppData\Local\Temp\xcAsdf8.4 \
  --defsym=__MPLAB_BUILD=1 \
  -Mdist/default/production/PIC18F24K40_I2c_Test.X.production.map -E1 \
  -ver=XC8 Compiler --acfsm=1493 -ASTACK=060h-03FFh -pstack=STACK \
  -ACODE=00h-03FFFh -ACONST=00h-03FFFh -ASMALLCONST=0400h-04FFhx60 \
  -AMEDIUMCONST=0400h-03FFFh -ACOMRAM=01h-05Fh -AABS1=00h-03FFh \
  -ABIGRAM=01h-03FFh -ARAM=060h-0FFh,0100h-01FFhx3 -ABANK0=060h-0FFh \
  -ABANK1=0100h-01FFh -ABANK2=0200h-02FFh -ABANK3=0300h-03FFh \
  -ASFR=0EA0h-0EFFhx2,0F60h-0FFFh -ACONFIG=0300000h-030000Bh \
  -AIDLOC=0200000h-020000Fh -AEEDATA=0310000h-03100FFh -peeprom_data=EEDATA \
  -preset_vec=00h,intcode,intcodelo,powerup,init -pramtop=0400h \
  -psmallconst=SMALLCONST -pmediumconst=MEDIUMCONST -pconst=CONST \
  -AFARRAM=00h-00h \
  -prdata=COMRAM,nvrram=COMRAM,nvbit=COMRAM,rbss=COMRAM,rbit=COMRAM \
  -pfarbss=FARRAM,fardata=FARRAM,nvFARRAM=FARRAM \
  -pintsave_regs=BIGRAM,bigbss=BIGRAM,bigdata=BIGRAM -pbss=RAM \
  -pidata=CODE,irdata=CODE,ibigdata=CODE,ifardata=CODE -prparam=COMRAM \
  C:\Users\Apoca\AppData\Local\Temp\xcAsdf8.o \
  dist/default/production\PIC18F24K40_I2c_Test.X.production.o 

Object code version is 3.11

Machine type is 18F24K40



                Name                               Link     Load   Length Selector   Space Scale
C:\Users\Apoca\AppData\Local\Temp\xcAsdf8.o
                idloc                            200000   200000       10        0       5
                config                           300000   300000        C        0       4
                init                                  0        0        4        0       0
dist/default/production\PIC18F24K40_I2c_Test.X.production.o
                idloc                            200000   200000       10        0       5
                config                           300000   300000        C        0       4
                text5                              3F96     3F96       18     1FCB       0
                text4                              3FAE     3FAE       18     1FD7       0
                text3                              3F6A     3F6A       16     1FB5       0
                text2                              3F80     3F80       16     1FC0       0
                text1                              3FC6     3FC6       1C     1FE3       0
                text0                              3FE2     3FE2       1E     1FF1       0
                cstackCOMRAM                          6        6        1        1       1
                bssCOMRAM                             1        1        5        1       1
                cinit                              3F5A     3F5A       10     1FAD       0

TOTAL           Name                               Link     Load   Length     Space
        CLASS   STACK          

        CLASS   CODE           
                init                                  0        0        4         0
                text5                              3F96     3F96       18         0
                text4                              3FAE     3FAE       18         0
                text3                              3F6A     3F6A       16         0
                text2                              3F80     3F80       16         0
                text1                              3FC6     3FC6       1C         0
                text0                              3FE2     3FE2       1E         0
                cinit                              3F5A     3F5A       10         0

        CLASS   CONST          

        CLASS   SMALLCONST     

        CLASS   MEDIUMCONST    

        CLASS   COMRAM         
                cstackCOMRAM                          6        6        1         1
                bssCOMRAM                             1        1        5         1

        CLASS   ABS1           

        CLASS   BIGRAM         

        CLASS   RAM            

        CLASS   BANK0          

        CLASS   BANK1          

        CLASS   BANK2          

        CLASS   BANK3          

        CLASS   SFR            

        CLASS   CONFIG         
                config                           300000   300000        C         4

        CLASS   IDLOC          
                idloc                            200000   200000       10         5

        CLASS   EEDATA         

        CLASS   FARRAM         



SEGMENTS        Name                           Load    Length   Top    Selector   Space  Class

                reset_vec                      000000  000004  000004         0       0  CODE    
                bssCOMRAM                      000001  000006  000007         1       1  COMRAM  
                cinit                          003F5A  000010  003F6A      1FAD       0  CODE    
                text3                          003F6A  000016  003F80      1FB5       0  CODE    
                text2                          003F80  000016  003F96      1FC0       0  CODE    
                text5                          003F96  000018  003FAE      1FCB       0  CODE    
                text4                          003FAE  000018  003FC6      1FD7       0  CODE    
                text1                          003FC6  00001C  003FE2      1FE3       0  CODE    
                text0                          003FE2  00001E  004000      1FF1       0  CODE    


UNUSED ADDRESS RANGES

        Name                Unused          Largest block    Delta
        BANK0            000060-0000FF               A0
        BANK1            000100-0001FF              100
        BANK2            000200-0002FF              100
        BANK3            000300-0003FF              100
        BIGRAM           000007-0003FF              3F9
        CODE             000004-003F59             3F56
        COMRAM           000007-00005F               59
        CONST            000004-003F59             3F56
        EEDATA           310000-3100FF              100
        MEDIUMCONST      000400-003F59             3B5A
        RAM              000060-0003FF              100
        SFR              000EA0-000FFF               60
        SMALLCONST       000400-003F59              100
        STACK            000060-0003FF              3A0

                                  Symbol Table

I2C_Write_Byte@Byte      cstackCOMRAM 000006
_Digits                  bssCOMRAM    000001
_I2C_Read_Byte           text5        003F96
_I2C_Send_ACK            text4        003FAE
_I2C_Start               text3        003F6A
_I2C_Stop                text2        003F80
_I2C_Write_Byte          text1        003FC6
_PIR3bits                (abs)        000ECD
_SSP1BUF                 (abs)        000F92
_SSP1CON2bits            (abs)        000F97
_TempData                bssCOMRAM    000005
__HRAM                   (abs)        000000
__Habs1                  abs1         000000
__Hbank0                 bank0        000000
__Hbank1                 bank1        000000
__Hbank2                 bank2        000000
__Hbank3                 bank3        000000
__Hbigbss                bigbss       000000
__Hbigdata               bigdata      000000
__Hbigram                bigram       000000
__Hbss                   bss          000000
__HbssCOMRAM             bssCOMRAM    000000
__Hcinit                 cinit        000000
__Hclrtext               clrtext      000000
__Hcomram                comram       000000
__Hconfig                config       30000C
__Hconst                 const        000000
__HcstackCOMRAM          cstackCOMRAM 000000
__Hdata                  data         000000
__Heeprom_data           eeprom_data  000000
__Hfarbss                farbss       000000
__Hfardata               fardata      000000
__Hibigdata              ibigdata     000000
__Hidata                 idata        000000
__Hidloc                 idloc        200010
__Hifardata              ifardata     000000
__Hinit                  init         000004
__Hintcode               intcode      000000
__Hintcode_body          intcode_body 000000
__Hintcodelo             intcodelo    000000
__Hintentry              intentry     000000
__Hintret                intret       000000
__Hintsave_regs          intsave_regs 000000
__Hirdata                irdata       000000
__Hmediumconst           mediumconst  000000
__HnvFARRAM              nvFARRAM     000000
__Hnvbit                 nvbit        000000
__Hnvrram                nvrram       000000
__Hparam                 rparam       000000
__Hpowerup               powerup      000000
__Hram                   ram          000000
__Hramtop                ramtop       000400
__Hrbit                  rbit         000000
__Hrbss                  rbss         000000
__Hrdata                 rdata        000000
__Hreset_vec             reset_vec    000000
__Hrparam                rparam       000000
__Hsfr                   sfr          000000
__Hsmallconst            smallconst   000000
__Hspace_0               (abs)        004000
__Hspace_1               (abs)        000007
__Hspace_2               (abs)        000000
__Hspace_4               (abs)        60000C
__Hstack                 stack        000000
__Hstruct                struct       000000
__Htemp                  temp         000000
__Htext                  text         000000
__Htext0                 text0        000000
__Htext1                 text1        000000
__Htext2                 text2        000000
__Htext3                 text3        000000
__Htext4                 text4        000000
__Htext5                 text5        000000
__LRAM                   (abs)        000001
__Labs1                  abs1         000000
__Lbank0                 bank0        000000
__Lbank1                 bank1        000000
__Lbank2                 bank2        000000
__Lbank3                 bank3        000000
__Lbigbss                bigbss       000000
__Lbigdata               bigdata      000000
__Lbigram                bigram       000000
__Lbss                   bss          000000
__LbssCOMRAM             bssCOMRAM    000000
__Lcinit                 cinit        000000
__Lclrtext               clrtext      000000
__Lcomram                comram       000000
__Lconfig                config       000000
__Lconst                 const        000000
__LcstackCOMRAM          cstackCOMRAM 000000
__Ldata                  data         000000
__Leeprom_data           eeprom_data  000000
__Lfarbss                farbss       000000
__Lfardata               fardata      000000
__Libigdata              ibigdata     000000
__Lidata                 idata        000000
__Lidloc                 idloc        000000
__Lifardata              ifardata     000000
__Linit                  init         000000
__Lintcode               intcode      000000
__Lintcode_body          intcode_body 000000
__Lintcodelo             intcodelo    000000
__Lintentry              intentry     000000
__Lintret                intret       000000
__Lintsave_regs          intsave_regs 000000
__Lirdata                irdata       000000
__Lmediumconst           mediumconst  000000
__LnvFARRAM              nvFARRAM     000000
__Lnvbit                 nvbit        000000
__Lnvrram                nvrram       000000
__Lparam                 rparam       000000
__Lpowerup               powerup      000000
__Lram                   ram          000000
__Lramtop                ramtop       000400
__Lrbit                  rbit         000000
__Lrbss                  rbss         000000
__Lrdata                 rdata        000000
__Lreset_vec             reset_vec    000000
__Lrparam                rparam       000000
__Lsfr                   sfr          000000
__Lsmallconst            smallconst   000000
__Lspace_0               (abs)        000000
__Lspace_1               (abs)        000000
__Lspace_2               (abs)        000000
__Lspace_4               (abs)        000000
__Lstack                 stack        000000
__Lstruct                struct       000000
__Ltemp                  temp         000000
__Ltext                  text         000000
__Ltext0                 text0        000000
__Ltext1                 text1        000000
__Ltext2                 text2        000000
__Ltext3                 text3        000000
__Ltext4                 text4        000000
__Ltext5                 text5        000000
__S0                     (abs)        004000
__S1                     (abs)        000007
__S2                     (abs)        000000
__S4                     (abs)        000000
__S5                     (abs)        000000
___inthi_sp              stack        000000
___intlo_sp              stack        000000
___param_bank            (abs)        000000
___rparam_used           (abs)        000001
___sp                    stack        000000
__accesstop              (abs)        000060
__activetblptr           (abs)        000000
__end_of_I2C_Read_Byte   text5        003FAE
__end_of_I2C_Send_ACK    text4        003FC6
__end_of_I2C_Start       text3        003F80
__end_of_I2C_Stop        text2        003F96
__end_of_I2C_Write_Byte  text1        003FE2
__end_of__initialization cinit        003F64
__end_of_main            text0        004000
__initialization         cinit        003F5A
__mediumconst            mediumconst  000000
__pbssCOMRAM             bssCOMRAM    000001
__pcinit                 cinit        003F5A
__pcstackCOMRAM          cstackCOMRAM 000006
__ptext0                 text0        003FE2
__ptext1                 text1        003FC6
__ptext2                 text2        003F80
__ptext3                 text3        003F6A
__ptext4                 text4        003FAE
__ptext5                 text5        003F96
__ramtop                 ramtop       000400
__size_of_I2C_Read_Byte  (abs)        000000
__size_of_I2C_Send_ACK   (abs)        000000
__size_of_I2C_Start      (abs)        000000
__size_of_I2C_Stop       (abs)        000000
__size_of_I2C_Write_Byte (abs)        000000
__size_of_main           (abs)        000000
__smallconst             smallconst   000000
_main                    text0        003FE2
end_of_initialization    cinit        003F64
intlevel0                text         000000
intlevel1                text         000000
intlevel2                text         000000
intlevel3                text         000000
isa$std                  (abs)        000001
isa$xinst                (abs)        000000
stackhi                  (abs)        0003FF
stacklo                  (abs)        000060
start                    init         000000
start_initialization     cinit        003F5A


MODULE INFORMATION

Module		Function		Class		Link	Load	Size
shared
		__initialization		CODE           	3F5A	0000	10

shared estimated size: 10

main.c
		_main          		CODE           	3FE2	0000	30
		_I2C_Stop      		CODE           	3F80	0000	22
		_I2C_Write_Byte		CODE           	3FC6	0000	28
		_I2C_Read_Byte 		CODE           	3F96	0000	24
		_I2C_Send_ACK  		CODE           	3FAE	0000	24
		_I2C_Start     		CODE           	3F6A	0000	22

main.c estimated size: 150

