Microchip MPLAB XC8 Compiler V2.32

Linker command line:

-W-3 --edf=D:\Microchip\xc8\v2.32\pic\dat\en_msgs.txt -cn \
  -h+dist/default/debug\PIC12F675_Test.X.debug.sym \
  --cmf=dist/default/debug\PIC12F675_Test.X.debug.cmf -z -Q12F675 \
  -oC:\Users\Apoca\AppData\Local\Temp\xcAsbd8.4 --defsym=__MPLAB_BUILD=1 \
  -Mdist/default/debug/PIC12F675_Test.X.debug.map -E1 -ver=XC8 Compiler \
  --acfsm=1493 -ASTACK=023h-051h -pstack=STACK -ACODE=00h-02FFh \
  -ASTRCODE=00h-02FFh -ASTRING=00h-0FFhx3 -ACONST=00h-0FFhx3 \
  -AENTRY=00h-0FFhx3 -ABANK0=020h-051h -ARAM=020h-051h -AABS1=020h-05Fh \
  -ACOMMON=052h-053h -ASFR0=00h-01Fh -ASFR1=080h-0D1h \
  -ACONFIG=02007h-02007h -DCONFIG=2 -AIDLOC=02000h-02003h -DIDLOC=2 \
  -AEEDATA=00h-07Fh/02100h -peeprom_data=EEDATA -DEEDATA=2 -DCODE=2 \
  -DSTRCODE=2 -DSTRING=2 -DCONST=2 -DENTRY=2 \
  -preset_vec=00h,intentry,init,end_init -ppowerup=CODE -pcinit=CODE \
  -pfunctab=ENTRY -posccal=03FFh -k \
  C:\Users\Apoca\AppData\Local\Temp\xcAsbd8.o \
  dist/default/debug\PIC12F675_Test.X.debug.o 

Object code version is 3.11

Machine type is 12F675



                Name                               Link     Load   Length Selector   Space Scale
C:\Users\Apoca\AppData\Local\Temp\xcAsbd8.o
                end_init                              1        1        1        0       0
                reset_vec                             0        0        1        0       0
                config                             2007     2007        1        0       4
dist/default/debug\PIC12F675_Test.X.debug.o
                cinit                               2FE      2FE        2      5FC       0
                config                             2007     2007        1        0       4
                maintext                            2DB      2DB       23      5B6       0
                cstackBANK0                          20       20        3       20       1

TOTAL           Name                               Link     Load   Length     Space
        CLASS   STACK          

        CLASS   CODE           
                end_init                              1        1        1         0
                cinit                               2FE      2FE        2         0
                reset_vec                             0        0        1         0
                maintext                            2DB      2DB       23         0

        CLASS   STRCODE        

        CLASS   STRING         

        CLASS   CONST          

        CLASS   ENTRY          

        CLASS   BANK0          
                cstackBANK0                          20       20        3         1

        CLASS   RAM            

        CLASS   ABS1           
                abs_s1                               52       52        2         1

        CLASS   COMMON         

        CLASS   SFR0           

        CLASS   SFR1           

        CLASS   CONFIG         
                config                             2007     2007        1         4

        CLASS   IDLOC          

        CLASS   EEDATA         

        CLASS   BANK1          



SEGMENTS        Name                           Load    Length   Top    Selector   Space  Class     Delta

                reset_vec                      000000  000002  000002         0       0  CODE        2
                cstackBANK0                    000020  000003  000023        20       1  BANK0       1
                maintext                       0002DB  000023  0002FE       5B6       0  CODE        2
                cinit                          0002FE  000002  000300       5FC       0  CODE        2


UNUSED ADDRESS RANGES

        Name                Unused          Largest block    Delta
        BANK0            0023-0051             2F           1
        CODE             0002-02DA            2D9           2
        CONST            0002-02DA            100           2
        EEDATA           2100-217F             80           2
        ENTRY            0002-02DA            100           2
        IDLOC            2000-2003              4           2
        RAM              0023-0051             2F           1
        SFR0             0000-001F             20           1
        SFR1             0080-00D1             52           1
        STACK            0023-0051             2F           1
        STRCODE          0002-02DA            2D9           2
        STRING           0002-02DA            100           2

                                  Symbol Table

_GP5                     (abs)       002D
_TRISIO                  (abs)       0085
__Habs1                  abs1        07FE
__Hbank0                 bank0       07FE
__Hbank1                 bank1       07FE
__Hcinit                 cinit       0300
__Hclrtext               clrtext     07FE
__Hcode                  code        07FE
__Hcommon                common      07FE
__Hconfig                config      2008
__HcstackBANK0           cstackBANK0 07FE
__Heeprom_data           eeprom_data 0000
__Hend_init              end_init    0002
__Hfunctab               functab     0000
__Hinit                  init        0001
__Hintentry              intentry    0001
__Hmaintext              maintext    07FE
__Hosccal                osccal      03FF
__Hpowerup               powerup     0000
__Hram                   ram         07FE
__Hreset_vec             reset_vec   0001
__Hsfr0                  sfr0        07FE
__Hsfr1                  sfr1        07FE
__Hspace_0               (abs)       07FE
__Hspace_1               (abs)       07FE
__Hspace_2               (abs)       0000
__Hspace_3               (abs)       0000
__Hspace_4               (abs)       400F
__Hstack                 stack       0000
__Hstrings               strings     07FE
__Htext                  text        07FE
__Labs1                  abs1        07FE
__Lbank0                 bank0       07FE
__Lbank1                 bank1       07FE
__Lcinit                 cinit       02FE
__Lclrtext               clrtext     07FE
__Lcode                  code        07FE
__Lcommon                common      07FE
__Lconfig                config      0000
__LcstackBANK0           cstackBANK0 07FE
__Leeprom_data           eeprom_data 0000
__Lend_init              end_init    0001
__Lfunctab               functab     0000
__Linit                  init        0001
__Lintentry              intentry    0001
__Lmaintext              maintext    07FE
__Losccal                osccal      03FF
__Lpowerup               powerup     0000
__Lram                   ram         07FE
__Lreset_vec             reset_vec   0000
__Lsfr0                  sfr0        07FE
__Lsfr1                  sfr1        07FE
__Lspace_0               (abs)       0000
__Lspace_1               (abs)       0000
__Lspace_2               (abs)       0000
__Lspace_3               (abs)       0000
__Lspace_4               (abs)       0000
__Lstack                 stack       0000
__Lstrings               strings     07FE
__Ltext                  text        07FE
__S0                     (abs)       0300
__S1                     (abs)       0023
__S2                     (abs)       0000
__S3                     (abs)       0000
___int_sp                stack       0000
___latbits               (abs)       0000
___osccal_val            osccal      03FF
___sp                    stack       0000
___stackhi               (abs)       0000
___stacklo               (abs)       0000
__end_of__initialization cinit       02FE
__end_of_main            maintext    02FE
__initialization         cinit       02FE
__pcstackBANK0           cstackBANK0 0020
__pmaintext              maintext    02DB
__size_of_main           (abs)       0000
_main                    maintext    02DB
btemp                    (abs)       0052
end_of_initialization    cinit       02FE
intlevel0                functab     0000
intlevel1                functab     0000
intlevel2                functab     0000
intlevel3                functab     0000
intlevel4                functab     0000
intlevel5                functab     0000
reset_vec                reset_vec   0000
start                    init        0001
start_initialization     cinit       02FE
wtemp0                   (abs)       0052


MODULE INFORMATION

Module		Function		Class		Link	Load	Size
shared
		__initialization		CODE           	02FE	0000	1

shared estimated size: 1

main.c
		_main          		CODE           	02DB	0000	35

main.c estimated size: 35

