Microchip MPLAB XC8 Compiler V2.32

Linker command line:

-W-3 --edf=D:\Microchip\xc8\v2.32\pic\dat\en_msgs.txt -cn \
  -h+dist/default/production\PIC12F675_Test2.X.production.sym \
  --cmf=dist/default/production\PIC12F675_Test2.X.production.cmf -z \
  -Q12F675 -oC:\Users\Apoca\AppData\Local\Temp\xcAs4lg.4 \
  --defsym=__MPLAB_BUILD=1 \
  -Mdist/default/production/PIC12F675_Test2.X.production.map -E1 \
  -ver=XC8 Compiler --acfsm=1493 -ASTACK=029h-05Dh -pstack=STACK \
  -ACODE=00h-03FEh -ASTRCODE=00h-03FEh -ASTRING=00h-0FFhx3,0300h-03FEh \
  -ACONST=00h-0FFhx3,0300h-03FEh -AENTRY=00h-0FFhx3,0300h-03FEh \
  -ABANK0=020h-05Dh -ARAM=020h-05Dh -AABS1=020h-05Fh -ACOMMON=05Eh-05Fh \
  -ASFR0=00h-01Fh -ASFR1=080h-0DDh -ACONFIG=02007h-02007h -DCONFIG=2 \
  -AIDLOC=02000h-02003h -DIDLOC=2 -AEEDATA=00h-07Fh/02100h \
  -peeprom_data=EEDATA -DEEDATA=2 -DCODE=2 -DSTRCODE=2 -DSTRING=2 -DCONST=2 \
  -DENTRY=2 -preset_vec=00h,intentry=04h,init,end_init -ppowerup=CODE \
  -pcinit=CODE -pfunctab=ENTRY -posccal=03FFh -k \
  C:\Users\Apoca\AppData\Local\Temp\xcAs4lg.o \
  dist/default/production\PIC12F675_Test2.X.production.o 

Object code version is 3.11

Machine type is 12F675



                Name                               Link     Load   Length Selector   Space Scale
C:\Users\Apoca\AppData\Local\Temp\xcAs4lg.o
                end_init                              B        B        1        8       0
                reset_vec                             0        0        1        0       0
                config                             2007     2007        1        0       4
dist/default/production\PIC12F675_Test2.X.production.o
                cinit                                 C        C        7        8       0
                intentry                              4        4        7        8       0
                config                             2007     2007        1        0       4
                text1                                68       68       25        8       0
                maintext                             13       13       55        8       0
                cstackBANK0                          20       20        5       20       1
                bssBANK0                             25       25        4       20       1

TOTAL           Name                               Link     Load   Length     Space
        CLASS   STACK          

        CLASS   CODE           
                end_init                              B        B        1         0
                cinit                                 C        C        7         0
                intentry                              4        4        7         0
                reset_vec                             0        0        1         0
                text1                                68       68       25         0
                maintext                             13       13       55         0

        CLASS   STRCODE        

        CLASS   STRING         

        CLASS   CONST          

        CLASS   ENTRY          

        CLASS   BANK0          
                cstackBANK0                          20       20        5         1
                bssBANK0                             25       25        4         1

        CLASS   RAM            

        CLASS   ABS1           
                abs_s1                               5E       5E        2         1

        CLASS   COMMON         

        CLASS   SFR0           

        CLASS   SFR1           

        CLASS   CONFIG         
                config                             2007     2007        1         4

        CLASS   IDLOC          

        CLASS   EEDATA         

        CLASS   BANK1          



SEGMENTS        Name                           Load    Length   Top    Selector   Space  Class     Delta

                reset_vec                      000000  000001  000001         0       0  CODE        2
                intentry                       000004  000089  00008D         8       0  CODE        2
                cstackBANK0                    000020  000009  000029        20       1  BANK0       1


UNUSED ADDRESS RANGES

        Name                Unused          Largest block    Delta
        BANK0            0029-005D             35           1
        CODE             0001-0003              3           2
                         008D-03FE            372
        CONST            0001-0003              3           2
                         008D-03FE            100
        EEDATA           2100-217F             80           2
        ENTRY            0001-0003              3           2
                         008D-03FE            100
        IDLOC            2000-2003              4           2
        RAM              0029-005D             35           1
        SFR0             0000-001F             20           1
        SFR1             0080-00DD             5E           1
        STACK            0029-005D             35           1
        STRCODE          0001-0003              3           2
                         008D-03FE            372
        STRING           0001-0003              3           2
                         008D-03FE            100

                                  Symbol Table

_ADCON0                  (abs)       001F
_ADCON0bits              (abs)       001F
_ADRESH                  (abs)       001E
_ANSEL                   (abs)       009F
_GPIObits                (abs)       0005
_INTCON                  (abs)       000B
_INTCONbits              (abs)       000B
_ISR                     text1       0068
_OPTION_REGbits          (abs)       0081
_TMR0                    (abs)       0001
_TRISIObits              (abs)       0085
__Habs1                  abs1        07FE
__Hbank0                 bank0       07FE
__Hbank1                 bank1       07FE
__HbssBANK0              bssBANK0    07FE
__Hcinit                 cinit       0013
__Hclrtext               clrtext     07FE
__Hcode                  code        07FE
__Hcommon                common      07FE
__Hconfig                config      2008
__HcstackBANK0           cstackBANK0 07FE
__Heeprom_data           eeprom_data 0000
__Hend_init              end_init    000C
__Hfunctab               functab     0000
__Hinit                  init        000B
__Hintentry              intentry    000B
__Hmaintext              maintext    07FE
__Hosccal                osccal      03FF
__Hpowerup               powerup     0000
__Hram                   ram         07FE
__Hreset_vec             reset_vec   0001
__Hsfr0                  sfr0        07FE
__Hsfr1                  sfr1        07FE
__Hspace_0               (abs)       07FE
__Hspace_1               (abs)       07FE
__Hspace_2               (abs)       0000
__Hspace_3               (abs)       0000
__Hspace_4               (abs)       400F
__Hstack                 stack       0000
__Hstrings               strings     07FE
__Htext                  text        07FE
__Labs1                  abs1        07FE
__Lbank0                 bank0       07FE
__Lbank1                 bank1       07FE
__LbssBANK0              bssBANK0    07FE
__Lcinit                 cinit       000C
__Lclrtext               clrtext     07FE
__Lcode                  code        07FE
__Lcommon                common      07FE
__Lconfig                config      0000
__LcstackBANK0           cstackBANK0 07FE
__Leeprom_data           eeprom_data 0000
__Lend_init              end_init    000B
__Lfunctab               functab     0000
__Linit                  init        000B
__Lintentry              intentry    0004
__Lmaintext              maintext    07FE
__Losccal                osccal      03FF
__Lpowerup               powerup     0000
__Lram                   ram         07FE
__Lreset_vec             reset_vec   0000
__Lsfr0                  sfr0        07FE
__Lsfr1                  sfr1        07FE
__Lspace_0               (abs)       0000
__Lspace_1               (abs)       0000
__Lspace_2               (abs)       0000
__Lspace_3               (abs)       0000
__Lspace_4               (abs)       0000
__Lstack                 stack       0000
__Lstrings               strings     07FE
__Ltext                  text        07FE
__S0                     (abs)       008D
__S1                     (abs)       0029
__S2                     (abs)       0000
__S3                     (abs)       0000
___int_sp                stack       0000
___latbits               (abs)       0000
___osccal_val            osccal      03FF
___sp                    stack       0000
___stackhi               (abs)       0000
___stacklo               (abs)       0000
__end_of_ISR             text1       008D
__end_of__initialization cinit       0011
__end_of_main            maintext    0068
__initialization         cinit       000C
__pbssBANK0              bssBANK0    0025
__pcstackBANK0           cstackBANK0 0020
__pintentry              intentry    0004
__pmaintext              maintext    0013
__ptext1                 text1       0068
__size_of_ISR            (abs)       0000
__size_of_main           (abs)       0000
_iADval                  bssBANK0    0028
_iCnt                    bssBANK0    0025
_iLSpeed                 bssBANK0    0027
_iRSpeed                 bssBANK0    0026
_main                    maintext    0013
btemp                    (abs)       005E
end_of_initialization    cinit       0011
interrupt_function       intentry    0004
intlevel0                functab     0000
intlevel1                functab     0000
intlevel2                functab     0000
intlevel3                functab     0000
intlevel4                functab     0000
intlevel5                functab     0000
reset_vec                reset_vec   0000
saved_w                  (abs)       005E
start                    init        000B
start_initialization     cinit       000C
wtemp0                   (abs)       005E


MODULE INFORMATION

Module		Function		Class		Link	Load	Size
shared
		__initialization		CODE           	000C	0000	5

shared estimated size: 5

main.c
		_ISR           		CODE           	0068	0000	37
		_main          		CODE           	0013	0000	85

main.c estimated size: 122

